
> success-firstaid-frontend@0.1.0 build
> next build --webpack

Ôû▓ Next.js 16.2.2 (webpack)

  Creating an optimized production build ...
Ô£ô Compiled successfully in 2.8s
  Running TypeScript ...
npm : Failed to type check.
Au caractère Ligne:1 : 1
+ npm run build > build_output.txt 2>&1
+ ~~~~~~~~~~~~~~~~~~~~~~~~~~~~~~~~~~~~~
    + CategoryInfo          : NotSpecified: (Failed to type check.:String) [], RemoteException
    + FullyQualifiedErrorId : NativeCommandError
 

./src/components/ReservationWizard.tsx:317:33
Type error: Type '{ readonly brand: "Success Driving - Premiers Secours"; readonly browserTabTitle: "Cours premiers 
secours ├á Gen├¿ve | Success Driving"; readonly navHome: "Accueil"; readonly navReserve: "Reservation"; ... 135 more 
...; readonly spotsAvailable_plural: "places restantes"; } | { ...; }' is not assignable to type 'Record<string, 
string>'.
  Type '{ readonly brand: "Success Driving - Premiers Secours"; readonly browserTabTitle: "Cours premiers secours ├á 
Gen├¿ve | Success Driving"; readonly navHome: "Accueil"; readonly navReserve: "Reservation"; ... 135 more ...; 
readonly spotsAvailable_plural: "places restantes"; }' is not assignable to type 'Record<string, string>'.
    Property 'whyItems' is incompatible with index signature.
      Type 'readonly ["Encadrement par une equipe pedagogique habituee aux futurs conducteurs.", "Organisation claire: 
dates, lieux, disponibilites et recap avant paiement.", "Confirmation par e-mail et suivi administratif simple apres 
inscription."]' is not assignable to type 'string'.

  [90m315 |[0m                                 session={s}
  [90m316 |[0m                                 locale={locale}
[31m[1m>[0m [90m317 |[0m                                 dict={dict}
  [90m    |[0m                                 [31m[1m^[0m
  [90m318 |[0m                                 selected={sel}
  [90m319 |[0m                                 disabled={disabled}
  [90m320 |[0m                                 onPick={() => {
Next.js build worker exited with code: 1 and signal: null
